------------------------------------------------------------
Timing Analyzer Summary
------------------------------------------------------------

Type  : Slow 1200mV 85C Model Setup 'ControlImagen:cimage|Contol_ili:ili9225|data_byte_flag'
Slack : -52.254
TNS   : -898.499

Type  : Slow 1200mV 85C Model Setup 'clk'
Slack : -7.518
TNS   : -1694.055

Type  : Slow 1200mV 85C Model Setup 'clk_out'
Slack : -5.292
TNS   : -442.856

Type  : Slow 1200mV 85C Model Hold 'clk'
Slack : -0.804
TNS   : -2.264

Type  : Slow 1200mV 85C Model Hold 'clk_out'
Slack : 0.434
TNS   : 0.000

Type  : Slow 1200mV 85C Model Hold 'ControlImagen:cimage|Contol_ili:ili9225|data_byte_flag'
Slack : 0.761
TNS   : 0.000

Type  : Slow 1200mV 85C Model Minimum Pulse Width 'clk'
Slack : -3.000
TNS   : -584.417

Type  : Slow 1200mV 85C Model Minimum Pulse Width 'clk_out'
Slack : -1.487
TNS   : -156.135

Type  : Slow 1200mV 85C Model Minimum Pulse Width 'ControlImagen:cimage|Contol_ili:ili9225|data_byte_flag'
Slack : -1.487
TNS   : -49.071

Type  : Slow 1200mV 0C Model Setup 'ControlImagen:cimage|Contol_ili:ili9225|data_byte_flag'
Slack : -47.796
TNS   : -823.999

Type  : Slow 1200mV 0C Model Setup 'clk'
Slack : -7.007
TNS   : -1556.441

Type  : Slow 1200mV 0C Model Setup 'clk_out'
Slack : -4.940
TNS   : -409.733

Type  : Slow 1200mV 0C Model Hold 'clk'
Slack : -0.755
TNS   : -2.093

Type  : Slow 1200mV 0C Model Hold 'clk_out'
Slack : 0.384
TNS   : 0.000

Type  : Slow 1200mV 0C Model Hold 'ControlImagen:cimage|Contol_ili:ili9225|data_byte_flag'
Slack : 0.704
TNS   : 0.000

Type  : Slow 1200mV 0C Model Minimum Pulse Width 'clk'
Slack : -3.000
TNS   : -584.417

Type  : Slow 1200mV 0C Model Minimum Pulse Width 'clk_out'
Slack : -1.487
TNS   : -156.135

Type  : Slow 1200mV 0C Model Minimum Pulse Width 'ControlImagen:cimage|Contol_ili:ili9225|data_byte_flag'
Slack : -1.487
TNS   : -49.071

Type  : Fast 1200mV 0C Model Setup 'ControlImagen:cimage|Contol_ili:ili9225|data_byte_flag'
Slack : -21.899
TNS   : -370.704

Type  : Fast 1200mV 0C Model Setup 'clk'
Slack : -2.686
TNS   : -504.111

Type  : Fast 1200mV 0C Model Setup 'clk_out'
Slack : -1.855
TNS   : -134.557

Type  : Fast 1200mV 0C Model Hold 'clk'
Slack : -0.476
TNS   : -1.391

Type  : Fast 1200mV 0C Model Hold 'clk_out'
Slack : 0.175
TNS   : 0.000

Type  : Fast 1200mV 0C Model Hold 'ControlImagen:cimage|Contol_ili:ili9225|data_byte_flag'
Slack : 0.304
TNS   : 0.000

Type  : Fast 1200mV 0C Model Minimum Pulse Width 'clk'
Slack : -3.000
TNS   : -421.047

Type  : Fast 1200mV 0C Model Minimum Pulse Width 'clk_out'
Slack : -1.000
TNS   : -105.000

Type  : Fast 1200mV 0C Model Minimum Pulse Width 'ControlImagen:cimage|Contol_ili:ili9225|data_byte_flag'
Slack : -1.000
TNS   : -33.000

------------------------------------------------------------
