------------------------------------------------------------
Timing Analyzer Summary
------------------------------------------------------------

Type  : Slow 1200mV 85C Model Setup 'clk_out'
Slack : -6.352
TNS   : -289.098

Type  : Slow 1200mV 85C Model Setup 'ili9225_controller:ili9225|data_byte_flag'
Slack : -2.042
TNS   : -26.374

Type  : Slow 1200mV 85C Model Setup 'clk'
Slack : -0.911
TNS   : -0.911

Type  : Slow 1200mV 85C Model Hold 'clk_out'
Slack : 0.436
TNS   : 0.000

Type  : Slow 1200mV 85C Model Hold 'ili9225_controller:ili9225|data_byte_flag'
Slack : 0.454
TNS   : 0.000

Type  : Slow 1200mV 85C Model Hold 'clk'
Slack : 0.703
TNS   : 0.000

Type  : Slow 1200mV 85C Model Minimum Pulse Width 'clk'
Slack : -3.000
TNS   : -4.487

Type  : Slow 1200mV 85C Model Minimum Pulse Width 'clk_out'
Slack : -1.487
TNS   : -107.064

Type  : Slow 1200mV 85C Model Minimum Pulse Width 'ili9225_controller:ili9225|data_byte_flag'
Slack : -1.487
TNS   : -26.766

Type  : Slow 1200mV 0C Model Setup 'clk_out'
Slack : -5.885
TNS   : -267.362

Type  : Slow 1200mV 0C Model Setup 'ili9225_controller:ili9225|data_byte_flag'
Slack : -1.747
TNS   : -22.622

Type  : Slow 1200mV 0C Model Setup 'clk'
Slack : -0.807
TNS   : -0.807

Type  : Slow 1200mV 0C Model Hold 'clk_out'
Slack : 0.388
TNS   : 0.000

Type  : Slow 1200mV 0C Model Hold 'ili9225_controller:ili9225|data_byte_flag'
Slack : 0.402
TNS   : 0.000

Type  : Slow 1200mV 0C Model Hold 'clk'
Slack : 0.642
TNS   : 0.000

Type  : Slow 1200mV 0C Model Minimum Pulse Width 'clk'
Slack : -3.000
TNS   : -4.487

Type  : Slow 1200mV 0C Model Minimum Pulse Width 'clk_out'
Slack : -1.487
TNS   : -107.064

Type  : Slow 1200mV 0C Model Minimum Pulse Width 'ili9225_controller:ili9225|data_byte_flag'
Slack : -1.487
TNS   : -26.766

Type  : Fast 1200mV 0C Model Setup 'clk_out'
Slack : -2.153
TNS   : -87.502

Type  : Fast 1200mV 0C Model Setup 'ili9225_controller:ili9225|data_byte_flag'
Slack : -0.334
TNS   : -1.671

Type  : Fast 1200mV 0C Model Setup 'clk'
Slack : -0.047
TNS   : -0.047

Type  : Fast 1200mV 0C Model Hold 'clk_out'
Slack : 0.176
TNS   : 0.000

Type  : Fast 1200mV 0C Model Hold 'ili9225_controller:ili9225|data_byte_flag'
Slack : 0.187
TNS   : 0.000

Type  : Fast 1200mV 0C Model Hold 'clk'
Slack : 0.234
TNS   : 0.000

Type  : Fast 1200mV 0C Model Minimum Pulse Width 'clk'
Slack : -3.000
TNS   : -4.047

Type  : Fast 1200mV 0C Model Minimum Pulse Width 'clk_out'
Slack : -1.000
TNS   : -72.000

Type  : Fast 1200mV 0C Model Minimum Pulse Width 'ili9225_controller:ili9225|data_byte_flag'
Slack : -1.000
TNS   : -18.000

------------------------------------------------------------
