------------------------------------------------------------
Timing Analyzer Summary
------------------------------------------------------------

Type  : Slow 1200mV 85C Model Setup 'cfreq[16]'
Slack : -13.023
TNS   : -61.854

Type  : Slow 1200mV 85C Model Setup 'clk'
Slack : -2.043
TNS   : -47.283

Type  : Slow 1200mV 85C Model Hold 'clk'
Slack : 0.433
TNS   : 0.000

Type  : Slow 1200mV 85C Model Hold 'cfreq[16]'
Slack : 0.453
TNS   : 0.000

Type  : Slow 1200mV 85C Model Minimum Pulse Width 'clk'
Slack : -3.000
TNS   : -55.045

Type  : Slow 1200mV 85C Model Minimum Pulse Width 'cfreq[16]'
Slack : -1.487
TNS   : -19.331

Type  : Slow 1200mV 0C Model Setup 'cfreq[16]'
Slack : -11.831
TNS   : -55.767

Type  : Slow 1200mV 0C Model Setup 'clk'
Slack : -1.701
TNS   : -40.113

Type  : Slow 1200mV 0C Model Hold 'clk'
Slack : 0.383
TNS   : 0.000

Type  : Slow 1200mV 0C Model Hold 'cfreq[16]'
Slack : 0.402
TNS   : 0.000

Type  : Slow 1200mV 0C Model Minimum Pulse Width 'clk'
Slack : -3.000
TNS   : -55.045

Type  : Slow 1200mV 0C Model Minimum Pulse Width 'cfreq[16]'
Slack : -1.487
TNS   : -19.331

Type  : Fast 1200mV 0C Model Setup 'cfreq[16]'
Slack : -4.954
TNS   : -20.658

Type  : Fast 1200mV 0C Model Setup 'clk'
Slack : -0.731
TNS   : -3.078

Type  : Fast 1200mV 0C Model Hold 'clk'
Slack : 0.179
TNS   : 0.000

Type  : Fast 1200mV 0C Model Hold 'cfreq[16]'
Slack : 0.186
TNS   : 0.000

Type  : Fast 1200mV 0C Model Minimum Pulse Width 'clk'
Slack : -3.000
TNS   : -40.462

Type  : Fast 1200mV 0C Model Minimum Pulse Width 'cfreq[16]'
Slack : -1.000
TNS   : -13.000

------------------------------------------------------------
